AR circuit1 behavioral /home/liu/SJTU/VE270/lab/lab1/Circuit1.vhf sub00/vhpl01 1495540119
EN circuit1 NULL /home/liu/SJTU/VE270/lab/lab1/Circuit1.vhf sub00/vhpl00 1495540118
EN circuit2 NULL /home/liu/SJTU/VE270/lab/lab1/Circuit2.vhf sub00/vhpl02 1495540120
AR circuit2 behavioral /home/liu/SJTU/VE270/lab/lab1/Circuit2.vhf sub00/vhpl03 1495540121
